 
****************************************
Report : cell
Design : FloatingPointAdder
Version: U-2022.12-SP7
Date   : Tue Dec 12 21:35:38 2023
****************************************

Attributes:
   BO - reference allows boundary optimization
    b - black box (unknown)
    h - hierarchical
   mo - map_only
    n - noncombinational
    r - removable
    u - contains unmapped logic

Cell                      Reference       Library             Area  Attributes
--------------------------------------------------------------------------------
U45                       NOR2X2          saed90nm_typ_ht 9.216000  
U89                       AND2X1          saed90nm_typ_ht 7.372800  
U92                       AO22X1          saed90nm_typ_ht 11.980800 
U93                       AO22X1          saed90nm_typ_ht 11.980800 
U94                       OR2X1           saed90nm_typ_ht 7.372800  
U95                       AND2X1          saed90nm_typ_ht 7.372800  
U96                       AO222X1         saed90nm_typ_ht 14.745600 
U97                       AO22X1          saed90nm_typ_ht 11.980800 
U98                       AO22X1          saed90nm_typ_ht 11.980800 
U99                       AND2X1          saed90nm_typ_ht 7.372800  
U103                      AND2X1          saed90nm_typ_ht 7.372800  
U105                      AND2X1          saed90nm_typ_ht 7.372800  
U107                      AND2X1          saed90nm_typ_ht 7.372800  
U108                      AND2X1          saed90nm_typ_ht 7.372800  
U110                      AO222X1         saed90nm_typ_ht 14.745600 
U111                      AO222X1         saed90nm_typ_ht 14.745600 
U112                      AO222X1         saed90nm_typ_ht 14.745600 
U113                      AO222X1         saed90nm_typ_ht 14.745600 
U114                      AO222X1         saed90nm_typ_ht 14.745600 
U115                      AO222X1         saed90nm_typ_ht 14.745600 
U116                      AO222X1         saed90nm_typ_ht 14.745600 
U117                      AO222X1         saed90nm_typ_ht 14.745600 
U118                      AO222X1         saed90nm_typ_ht 14.745600 
U119                      AO222X1         saed90nm_typ_ht 14.745600 
U120                      AO222X1         saed90nm_typ_ht 14.745600 
U121                      AO222X1         saed90nm_typ_ht 14.745600 
U122                      AO222X1         saed90nm_typ_ht 14.745600 
U123                      AO222X1         saed90nm_typ_ht 14.745600 
U124                      AO222X1         saed90nm_typ_ht 14.745600 
U125                      AO222X1         saed90nm_typ_ht 14.745600 
U126                      AO222X1         saed90nm_typ_ht 14.745600 
U127                      AO222X1         saed90nm_typ_ht 14.745600 
U128                      AO222X1         saed90nm_typ_ht 14.745600 
U129                      AO222X1         saed90nm_typ_ht 14.745600 
U130                      AO222X1         saed90nm_typ_ht 14.745600 
U131                      AO222X1         saed90nm_typ_ht 14.745600 
U132                      AO222X1         saed90nm_typ_ht 14.745600 
U133                      AO222X1         saed90nm_typ_ht 14.745600 
U134                      AO222X1         saed90nm_typ_ht 14.745600 
U135                      AO222X1         saed90nm_typ_ht 14.745600 
U136                      AO222X1         saed90nm_typ_ht 14.745600 
U137                      AO222X1         saed90nm_typ_ht 14.745600 
U138                      AO222X1         saed90nm_typ_ht 14.745600 
U139                      AO222X1         saed90nm_typ_ht 14.745600 
U140                      AO222X1         saed90nm_typ_ht 14.745600 
U141                      AO222X1         saed90nm_typ_ht 14.745600 
U142                      AO222X1         saed90nm_typ_ht 14.745600 
U143                      AO222X1         saed90nm_typ_ht 14.745600 
U144                      AO222X1         saed90nm_typ_ht 14.745600 
U145                      AO222X1         saed90nm_typ_ht 14.745600 
U146                      AO222X1         saed90nm_typ_ht 14.745600 
U147                      AO222X1         saed90nm_typ_ht 14.745600 
U148                      AO222X1         saed90nm_typ_ht 14.745600 
U149                      AO222X1         saed90nm_typ_ht 14.745600 
U150                      AO222X1         saed90nm_typ_ht 14.745600 
U151                      AO222X1         saed90nm_typ_ht 14.745600 
U152                      AO222X1         saed90nm_typ_ht 14.745600 
U153                      AO222X1         saed90nm_typ_ht 14.745600 
U154                      AO222X1         saed90nm_typ_ht 14.745600 
U155                      AO222X1         saed90nm_typ_ht 14.745600 
U156                      AO222X1         saed90nm_typ_ht 14.745600 
U157                      AO222X1         saed90nm_typ_ht 14.745600 
U158                      AO222X1         saed90nm_typ_ht 14.745600 
U159                      AO222X1         saed90nm_typ_ht 14.745600 
U160                      AO222X1         saed90nm_typ_ht 14.745600 
U161                      AO222X1         saed90nm_typ_ht 14.745600 
U162                      AO222X1         saed90nm_typ_ht 14.745600 
U163                      AO222X1         saed90nm_typ_ht 14.745600 
U164                      AO222X1         saed90nm_typ_ht 14.745600 
U165                      AO222X1         saed90nm_typ_ht 14.745600 
U166                      AO222X1         saed90nm_typ_ht 14.745600 
U167                      AO222X1         saed90nm_typ_ht 14.745600 
U168                      AO222X1         saed90nm_typ_ht 14.745600 
U169                      AO222X1         saed90nm_typ_ht 14.745600 
U170                      AO222X1         saed90nm_typ_ht 14.745600 
U171                      AO222X1         saed90nm_typ_ht 14.745600 
U172                      AO222X1         saed90nm_typ_ht 14.745600 
U173                      AO222X1         saed90nm_typ_ht 14.745600 
U174                      AO222X1         saed90nm_typ_ht 14.745600 
U175                      AO222X1         saed90nm_typ_ht 14.745600 
U176                      AO222X1         saed90nm_typ_ht 14.745600 
U177                      AO222X1         saed90nm_typ_ht 14.745600 
U178                      AO222X1         saed90nm_typ_ht 14.745600 
U179                      AO222X1         saed90nm_typ_ht 14.745600 
U180                      AO222X1         saed90nm_typ_ht 14.745600 
U181                      AO222X1         saed90nm_typ_ht 14.745600 
U182                      AO222X1         saed90nm_typ_ht 14.745600 
U183                      AO222X1         saed90nm_typ_ht 14.745600 
U184                      AO222X1         saed90nm_typ_ht 14.745600 
U185                      AO222X1         saed90nm_typ_ht 14.745600 
U186                      AO222X1         saed90nm_typ_ht 14.745600 
U187                      AO222X1         saed90nm_typ_ht 14.745600 
U188                      AO222X1         saed90nm_typ_ht 14.745600 
U189                      AO222X1         saed90nm_typ_ht 14.745600 
U190                      AO222X1         saed90nm_typ_ht 14.745600 
U191                      AO222X1         saed90nm_typ_ht 14.745600 
U192                      AO222X1         saed90nm_typ_ht 14.745600 
U193                      AO222X1         saed90nm_typ_ht 14.745600 
U194                      AO222X1         saed90nm_typ_ht 14.745600 
U195                      AO222X1         saed90nm_typ_ht 14.745600 
U196                      AO222X1         saed90nm_typ_ht 14.745600 
U197                      AO222X1         saed90nm_typ_ht 14.745600 
U198                      AO222X1         saed90nm_typ_ht 14.745600 
U199                      AO222X1         saed90nm_typ_ht 14.745600 
U200                      AO222X1         saed90nm_typ_ht 14.745600 
U201                      AO222X1         saed90nm_typ_ht 14.745600 
U202                      AO222X1         saed90nm_typ_ht 14.745600 
U203                      AO222X1         saed90nm_typ_ht 14.745600 
U204                      AO222X1         saed90nm_typ_ht 14.745600 
U205                      AO222X1         saed90nm_typ_ht 14.745600 
U206                      AO222X1         saed90nm_typ_ht 14.745600 
U207                      AO222X1         saed90nm_typ_ht 14.745600 
U208                      AO222X1         saed90nm_typ_ht 14.745600 
U209                      AO222X1         saed90nm_typ_ht 14.745600 
U210                      AO222X1         saed90nm_typ_ht 14.745600 
U211                      AO222X1         saed90nm_typ_ht 14.745600 
U212                      AO222X1         saed90nm_typ_ht 14.745600 
U213                      AO222X1         saed90nm_typ_ht 14.745600 
U214                      AO222X1         saed90nm_typ_ht 14.745600 
U215                      AO222X1         saed90nm_typ_ht 14.745600 
U216                      AO222X1         saed90nm_typ_ht 14.745600 
U217                      AO222X1         saed90nm_typ_ht 14.745600 
U218                      AO222X1         saed90nm_typ_ht 14.745600 
U219                      AO222X1         saed90nm_typ_ht 14.745600 
U220                      AO222X1         saed90nm_typ_ht 14.745600 
U221                      AO222X1         saed90nm_typ_ht 14.745600 
U222                      AO222X1         saed90nm_typ_ht 14.745600 
U223                      AO222X1         saed90nm_typ_ht 14.745600 
U224                      AO222X1         saed90nm_typ_ht 14.745600 
U225                      AO222X1         saed90nm_typ_ht 14.745600 
U226                      AO222X1         saed90nm_typ_ht 14.745600 
U227                      AO222X1         saed90nm_typ_ht 14.745600 
U228                      AO222X1         saed90nm_typ_ht 14.745600 
U229                      AO222X1         saed90nm_typ_ht 14.745600 
U231                      XNOR2X1         saed90nm_typ_ht 13.824000 
U232                      AO22X1          saed90nm_typ_ht 11.980800 
U233                      AO22X1          saed90nm_typ_ht 11.980800 
U234                      AO22X1          saed90nm_typ_ht 11.980800 
U235                      AO22X1          saed90nm_typ_ht 11.980800 
U237                      AO22X1          saed90nm_typ_ht 11.980800 
U240                      AO22X1          saed90nm_typ_ht 11.980800 
U241                      AO22X1          saed90nm_typ_ht 11.980800 
U242                      AO22X1          saed90nm_typ_ht 11.980800 
U244                      AO22X1          saed90nm_typ_ht 11.980800 
U245                      AO22X1          saed90nm_typ_ht 11.980800 
U246                      AO22X1          saed90nm_typ_ht 11.980800 
U247                      AO22X1          saed90nm_typ_ht 11.980800 
U248                      AO22X1          saed90nm_typ_ht 11.980800 
U249                      AO22X1          saed90nm_typ_ht 11.980800 
U250                      AO22X1          saed90nm_typ_ht 11.980800 
U251                      AO22X1          saed90nm_typ_ht 11.980800 
U252                      AO22X1          saed90nm_typ_ht 11.980800 
U254                      AO22X1          saed90nm_typ_ht 11.980800 
U255                      AO22X1          saed90nm_typ_ht 11.980800 
U256                      AO22X1          saed90nm_typ_ht 11.980800 
U257                      AO22X1          saed90nm_typ_ht 11.980800 
U258                      AO22X1          saed90nm_typ_ht 11.980800 
U259                      AO22X1          saed90nm_typ_ht 11.980800 
U260                      AO22X1          saed90nm_typ_ht 11.980800 
U261                      AO22X1          saed90nm_typ_ht 11.980800 
U262                      AO22X1          saed90nm_typ_ht 11.980800 
U263                      AO22X1          saed90nm_typ_ht 11.980800 
U265                      AO22X1          saed90nm_typ_ht 11.980800 
U268                      AO22X1          saed90nm_typ_ht 11.980800 
U269                      AO22X1          saed90nm_typ_ht 11.980800 
U270                      AO22X1          saed90nm_typ_ht 11.980800 
U271                      AO22X1          saed90nm_typ_ht 11.980800 
U273                      AO22X1          saed90nm_typ_ht 11.980800 
U275                      AO22X1          saed90nm_typ_ht 11.980800 
U276                      AO22X1          saed90nm_typ_ht 11.980800 
U278                      AO22X1          saed90nm_typ_ht 11.980800 
U286                      INVX1           saed90nm_typ_ht 6.451200  
U287                      NOR2X1          saed90nm_typ_ht 6.451200  
U288                      NOR2X0          saed90nm_typ_ht 5.529600  
U289                      NOR2X0          saed90nm_typ_ht 5.529600  
U290                      NBUFFX2         saed90nm_typ_ht 5.529600  
U291                      AO22X1          saed90nm_typ_ht 11.980800 
U292                      AO22X1          saed90nm_typ_ht 11.980800 
U293                      AO22X1          saed90nm_typ_ht 11.980800 
U294                      AO22X1          saed90nm_typ_ht 11.980800 
U295                      XOR2X1          saed90nm_typ_ht 13.824000 
U296                      NOR2X0          saed90nm_typ_ht 5.529600  
U297                      AO22X1          saed90nm_typ_ht 11.980800 
U298                      AO22X1          saed90nm_typ_ht 11.980800 
U299                      AO22X1          saed90nm_typ_ht 11.980800 
U300                      AO22X1          saed90nm_typ_ht 11.980800 
U301                      FADDX1          saed90nm_typ_ht 29.491199 mo, r
U302                      AND2X1          saed90nm_typ_ht 7.372800  
U303                      AND2X1          saed90nm_typ_ht 7.372800  
U304                      NOR2X1          saed90nm_typ_ht 6.451200  
U305                      NOR2X0          saed90nm_typ_ht 5.529600  
U306                      FADDX2          saed90nm_typ_ht 31.334400 mo, r
U307                      INVX1           saed90nm_typ_ht 6.451200  
U308                      INVX0           saed90nm_typ_ht 5.529600  
U309                      INVX0           saed90nm_typ_ht 5.529600  
U310                      INVX1           saed90nm_typ_ht 6.451200  
U311                      NBUFFX2         saed90nm_typ_ht 5.529600  
U312                      NOR2X0          saed90nm_typ_ht 5.529600  
U313                      NOR2X0          saed90nm_typ_ht 5.529600  
U314                      OR2X1           saed90nm_typ_ht 7.372800  
U315                      NAND2X0         saed90nm_typ_ht 5.529600  
U316                      AND2X1          saed90nm_typ_ht 7.372800  
U317                      INVX0           saed90nm_typ_ht 5.529600  
U318                      NAND2X1         saed90nm_typ_ht 5.529600  
U319                      AOI222X2        saed90nm_typ_ht 17.510401 
U320                      NAND2X1         saed90nm_typ_ht 5.529600  
U321                      FADDX1          saed90nm_typ_ht 29.491199 mo, r
U322                      XOR2X1          saed90nm_typ_ht 13.824000 
U323                      XOR2X1          saed90nm_typ_ht 13.824000 
U324                      NAND2X0         saed90nm_typ_ht 5.529600  
U325                      NAND2X0         saed90nm_typ_ht 5.529600  
U326                      NAND3X0         saed90nm_typ_ht 7.372800  
U327                      XOR2X1          saed90nm_typ_ht 13.824000 
U328                      XOR2X1          saed90nm_typ_ht 13.824000 
U329                      NAND2X0         saed90nm_typ_ht 5.529600  
U330                      NAND2X0         saed90nm_typ_ht 5.529600  
U331                      NAND2X0         saed90nm_typ_ht 5.529600  
U332                      NAND3X0         saed90nm_typ_ht 7.372800  
U333                      INVX0           saed90nm_typ_ht 5.529600  
U334                      AND2X4          saed90nm_typ_ht 11.059200 
U335                      INVX0           saed90nm_typ_ht 5.529600  
U336                      AO22X2          saed90nm_typ_ht 12.902400 
U337                      AO22X2          saed90nm_typ_ht 12.902400 
U338                      AO22X1          saed90nm_typ_ht 11.980800 
U339                      AO22X1          saed90nm_typ_ht 11.980800 
U340                      XNOR2X1         saed90nm_typ_ht 13.824000 
U341                      AO22X1          saed90nm_typ_ht 11.980800 
U342                      NOR2X1          saed90nm_typ_ht 6.451200  
U343                      NBUFFX8         saed90nm_typ_ht 14.745600 
U344                      NOR2X0          saed90nm_typ_ht 5.529600  
U345                      NOR2X0          saed90nm_typ_ht 5.529600  
U346                      NOR2X0          saed90nm_typ_ht 5.529600  
U347                      NAND2X0         saed90nm_typ_ht 5.529600  
U348                      NAND2X0         saed90nm_typ_ht 5.529600  
U349                      NAND2X0         saed90nm_typ_ht 5.529600  
U350                      NAND2X0         saed90nm_typ_ht 5.529600  
U351                      NAND2X0         saed90nm_typ_ht 5.529600  
U352                      XNOR2X1         saed90nm_typ_ht 13.824000 
U353                      NAND2X0         saed90nm_typ_ht 5.529600  
U354                      XNOR2X1         saed90nm_typ_ht 13.824000 
U355                      NAND2X1         saed90nm_typ_ht 5.529600  
U356                      NOR2X0          saed90nm_typ_ht 5.529600  
U357                      NOR2X2          saed90nm_typ_ht 9.216000  
U358                      INVX0           saed90nm_typ_ht 5.529600  
U359                      INVX0           saed90nm_typ_ht 5.529600  
U360                      AND2X1          saed90nm_typ_ht 7.372800  
U361                      INVX0           saed90nm_typ_ht 5.529600  
U362                      AND2X1          saed90nm_typ_ht 7.372800  
U363                      AND2X1          saed90nm_typ_ht 7.372800  
U364                      INVX0           saed90nm_typ_ht 5.529600  
U365                      AND2X1          saed90nm_typ_ht 7.372800  
U366                      AND2X1          saed90nm_typ_ht 7.372800  
U367                      AND2X1          saed90nm_typ_ht 7.372800  
U368                      INVX0           saed90nm_typ_ht 5.529600  
U369                      INVX0           saed90nm_typ_ht 5.529600  
U370                      AND2X1          saed90nm_typ_ht 7.372800  
U371                      AO22X1          saed90nm_typ_ht 11.980800 
U372                      INVX0           saed90nm_typ_ht 5.529600  
U373                      AND2X1          saed90nm_typ_ht 7.372800  
U374                      AND2X1          saed90nm_typ_ht 7.372800  
U375                      AND2X1          saed90nm_typ_ht 7.372800  
U376                      AO22X1          saed90nm_typ_ht 11.980800 
U377                      AND2X1          saed90nm_typ_ht 7.372800  
U378                      FADDX1          saed90nm_typ_ht 29.491199 mo, r
U379                      AND2X1          saed90nm_typ_ht 7.372800  
U380                      AO22X1          saed90nm_typ_ht 11.980800 
U381                      INVX0           saed90nm_typ_ht 5.529600  
U382                      NBUFFX2         saed90nm_typ_ht 5.529600  
U383                      AND2X1          saed90nm_typ_ht 7.372800  
U384                      INVX0           saed90nm_typ_ht 5.529600  
U385                      AO22X1          saed90nm_typ_ht 11.980800 
U386                      AO22X1          saed90nm_typ_ht 11.980800 
U387                      AND2X1          saed90nm_typ_ht 7.372800  
U388                      INVX0           saed90nm_typ_ht 5.529600  
U389                      INVX0           saed90nm_typ_ht 5.529600  
U390                      INVX0           saed90nm_typ_ht 5.529600  
U391                      INVX0           saed90nm_typ_ht 5.529600  
U392                      INVX0           saed90nm_typ_ht 5.529600  
U393                      AND2X1          saed90nm_typ_ht 7.372800  
U394                      INVX0           saed90nm_typ_ht 5.529600  
U395                      AND2X1          saed90nm_typ_ht 7.372800  
U396                      INVX0           saed90nm_typ_ht 5.529600  
U397                      AND2X1          saed90nm_typ_ht 7.372800  
U398                      AND2X1          saed90nm_typ_ht 7.372800  
U399                      AND2X1          saed90nm_typ_ht 7.372800  
U400                      XNOR2X1         saed90nm_typ_ht 13.824000 
U401                      NAND2X0         saed90nm_typ_ht 5.529600  
U402                      INVX0           saed90nm_typ_ht 5.529600  
U403                      INVX0           saed90nm_typ_ht 5.529600  
U404                      INVX0           saed90nm_typ_ht 5.529600  
U405                      INVX0           saed90nm_typ_ht 5.529600  
U406                      INVX0           saed90nm_typ_ht 5.529600  
U407                      INVX0           saed90nm_typ_ht 5.529600  
U408                      INVX0           saed90nm_typ_ht 5.529600  
U409                      INVX0           saed90nm_typ_ht 5.529600  
U410                      INVX0           saed90nm_typ_ht 5.529600  
U411                      INVX0           saed90nm_typ_ht 5.529600  
U412                      INVX0           saed90nm_typ_ht 5.529600  
U413                      INVX0           saed90nm_typ_ht 5.529600  
U414                      INVX0           saed90nm_typ_ht 5.529600  
U415                      INVX0           saed90nm_typ_ht 5.529600  
U416                      INVX0           saed90nm_typ_ht 5.529600  
U417                      INVX0           saed90nm_typ_ht 5.529600  
U418                      INVX0           saed90nm_typ_ht 5.529600  
U419                      INVX0           saed90nm_typ_ht 5.529600  
U420                      INVX0           saed90nm_typ_ht 5.529600  
U421                      INVX0           saed90nm_typ_ht 5.529600  
U422                      INVX0           saed90nm_typ_ht 5.529600  
U423                      INVX0           saed90nm_typ_ht 5.529600  
U424                      INVX0           saed90nm_typ_ht 5.529600  
U425                      INVX0           saed90nm_typ_ht 5.529600  
U426                      INVX0           saed90nm_typ_ht 5.529600  
U427                      INVX0           saed90nm_typ_ht 5.529600  
U428                      INVX0           saed90nm_typ_ht 5.529600  
U429                      XNOR2X1         saed90nm_typ_ht 13.824000 
U430                      XNOR2X1         saed90nm_typ_ht 13.824000 
U431                      NAND2X1         saed90nm_typ_ht 5.529600  
U432                      INVX0           saed90nm_typ_ht 5.529600  
U433                      XNOR2X1         saed90nm_typ_ht 13.824000 
U434                      NAND2X1         saed90nm_typ_ht 5.529600  
U435                      INVX0           saed90nm_typ_ht 5.529600  
U436                      XNOR2X1         saed90nm_typ_ht 13.824000 
U437                      NAND2X1         saed90nm_typ_ht 5.529600  
U438                      INVX0           saed90nm_typ_ht 5.529600  
U439                      XNOR2X1         saed90nm_typ_ht 13.824000 
U440                      NAND2X1         saed90nm_typ_ht 5.529600  
U441                      INVX0           saed90nm_typ_ht 5.529600  
U442                      XNOR2X1         saed90nm_typ_ht 13.824000 
U443                      NAND2X1         saed90nm_typ_ht 5.529600  
U444                      INVX0           saed90nm_typ_ht 5.529600  
U445                      AO22X1          saed90nm_typ_ht 11.980800 
U446                      AO22X1          saed90nm_typ_ht 11.980800 
U447                      AO22X1          saed90nm_typ_ht 11.980800 
U448                      AOI22X1         saed90nm_typ_ht 12.902400 
U449                      AOI22X1         saed90nm_typ_ht 12.902400 
U450                      AOI22X1         saed90nm_typ_ht 12.902400 
U451                      AOI22X1         saed90nm_typ_ht 12.902400 
U452                      AOI22X1         saed90nm_typ_ht 12.902400 
U453                      AOI22X1         saed90nm_typ_ht 12.902400 
U454                      XOR2X1          saed90nm_typ_ht 13.824000 
U455                      XOR2X1          saed90nm_typ_ht 13.824000 
U456                      XOR2X1          saed90nm_typ_ht 13.824000 
U457                      XOR2X1          saed90nm_typ_ht 13.824000 
U458                      XOR2X1          saed90nm_typ_ht 13.824000 
U459                      XOR2X1          saed90nm_typ_ht 13.824000 
U460                      XOR2X1          saed90nm_typ_ht 13.824000 
U461                      XOR2X1          saed90nm_typ_ht 13.824000 
U462                      XOR2X1          saed90nm_typ_ht 13.824000 
U463                      XOR2X1          saed90nm_typ_ht 13.824000 
U464                      XOR2X1          saed90nm_typ_ht 13.824000 
U465                      XOR2X1          saed90nm_typ_ht 13.824000 
U466                      XOR2X1          saed90nm_typ_ht 13.824000 
U467                      XOR2X1          saed90nm_typ_ht 13.824000 
U468                      XOR2X1          saed90nm_typ_ht 13.824000 
U469                      XOR2X1          saed90nm_typ_ht 13.824000 
U470                      XOR2X1          saed90nm_typ_ht 13.824000 
U471                      XOR2X1          saed90nm_typ_ht 13.824000 
U472                      XOR2X1          saed90nm_typ_ht 13.824000 
U473                      XOR2X1          saed90nm_typ_ht 13.824000 
U474                      XOR2X1          saed90nm_typ_ht 13.824000 
U475                      XOR2X1          saed90nm_typ_ht 13.824000 
U476                      XOR2X1          saed90nm_typ_ht 13.824000 
U477                      XOR2X1          saed90nm_typ_ht 13.824000 
U478                      XOR2X1          saed90nm_typ_ht 13.824000 
U479                      NAND2X0         saed90nm_typ_ht 5.529600  
U480                      INVX0           saed90nm_typ_ht 5.529600  
U481                      NAND2X1         saed90nm_typ_ht 5.529600  
U482                      NAND2X0         saed90nm_typ_ht 5.529600  
U483                      INVX0           saed90nm_typ_ht 5.529600  
U484                      NBUFFX2         saed90nm_typ_ht 5.529600  
U485                      NAND2X0         saed90nm_typ_ht 5.529600  
U486                      NOR2X0          saed90nm_typ_ht 5.529600  
U487                      NBUFFX2         saed90nm_typ_ht 5.529600  
U488                      NBUFFX2         saed90nm_typ_ht 5.529600  
U489                      INVX0           saed90nm_typ_ht 5.529600  
U490                      AO222X1         saed90nm_typ_ht 14.745600 
U491                      AO222X1         saed90nm_typ_ht 14.745600 
U492                      NOR2X0          saed90nm_typ_ht 5.529600  
U493                      NAND2X1         saed90nm_typ_ht 5.529600  
U494                      INVX1           saed90nm_typ_ht 6.451200  
U495                      NAND2X0         saed90nm_typ_ht 5.529600  
U496                      INVX0           saed90nm_typ_ht 5.529600  
U497                      INVX0           saed90nm_typ_ht 5.529600  
U498                      INVX0           saed90nm_typ_ht 5.529600  
U499                      INVX0           saed90nm_typ_ht 5.529600  
U500                      NAND2X1         saed90nm_typ_ht 5.529600  
U501                      NOR2X0          saed90nm_typ_ht 5.529600  
U502                      NOR2X0          saed90nm_typ_ht 5.529600  
U503                      INVX0           saed90nm_typ_ht 5.529600  
U504                      INVX0           saed90nm_typ_ht 5.529600  
U505                      INVX2           saed90nm_typ_ht 6.451200  
U506                      INVX0           saed90nm_typ_ht 5.529600  
U507                      NBUFFX2         saed90nm_typ_ht 5.529600  
U508                      NOR2X0          saed90nm_typ_ht 5.529600  
U509                      INVX0           saed90nm_typ_ht 5.529600  
U510                      INVX0           saed90nm_typ_ht 5.529600  
U511                      INVX0           saed90nm_typ_ht 5.529600  
U512                      INVX0           saed90nm_typ_ht 5.529600  
U513                      INVX0           saed90nm_typ_ht 5.529600  
U514                      INVX0           saed90nm_typ_ht 5.529600  
U515                      INVX0           saed90nm_typ_ht 5.529600  
U516                      INVX0           saed90nm_typ_ht 5.529600  
U517                      INVX0           saed90nm_typ_ht 5.529600  
U518                      INVX0           saed90nm_typ_ht 5.529600  
U519                      NOR2X0          saed90nm_typ_ht 5.529600  
U520                      NBUFFX2         saed90nm_typ_ht 5.529600  
U521                      INVX0           saed90nm_typ_ht 5.529600  
U522                      INVX0           saed90nm_typ_ht 5.529600  
U523                      NBUFFX2         saed90nm_typ_ht 5.529600  
U524                      INVX0           saed90nm_typ_ht 5.529600  
U525                      INVX0           saed90nm_typ_ht 5.529600  
U526                      INVX0           saed90nm_typ_ht 5.529600  
U527                      INVX0           saed90nm_typ_ht 5.529600  
U528                      INVX0           saed90nm_typ_ht 5.529600  
U529                      INVX0           saed90nm_typ_ht 5.529600  
U530                      NOR2X0          saed90nm_typ_ht 5.529600  
U531                      NOR2X0          saed90nm_typ_ht 5.529600  
U532                      NAND2X0         saed90nm_typ_ht 5.529600  
U533                      INVX1           saed90nm_typ_ht 6.451200  
U534                      INVX0           saed90nm_typ_ht 5.529600  
U535                      INVX0           saed90nm_typ_ht 5.529600  
U536                      INVX1           saed90nm_typ_ht 6.451200  
U537                      NOR2X0          saed90nm_typ_ht 5.529600  
U538                      NAND2X1         saed90nm_typ_ht 5.529600  
U539                      NOR2X1          saed90nm_typ_ht 6.451200  
U540                      NOR2X0          saed90nm_typ_ht 5.529600  
U541                      NOR2X0          saed90nm_typ_ht 5.529600  
U542                      NOR2X0          saed90nm_typ_ht 5.529600  
U543                      NAND2X0         saed90nm_typ_ht 5.529600  
U544                      NOR2X0          saed90nm_typ_ht 5.529600  
U545                      NAND2X0         saed90nm_typ_ht 5.529600  
U546                      NOR2X0          saed90nm_typ_ht 5.529600  
U547                      NOR2X0          saed90nm_typ_ht 5.529600  
U548                      INVX0           saed90nm_typ_ht 5.529600  
U549                      NOR2X0          saed90nm_typ_ht 5.529600  
U550                      NOR2X0          saed90nm_typ_ht 5.529600  
U551                      NOR2X0          saed90nm_typ_ht 5.529600  
U552                      AND2X1          saed90nm_typ_ht 7.372800  
U553                      OA222X1         saed90nm_typ_ht 14.745600 
U554                      AO221X1         saed90nm_typ_ht 12.902400 
U555                      OA221X1         saed90nm_typ_ht 12.902400 
U556                      AO221X1         saed90nm_typ_ht 12.902400 
U557                      OA221X1         saed90nm_typ_ht 12.902400 
U558                      AO221X1         saed90nm_typ_ht 12.902400 
U559                      OA221X1         saed90nm_typ_ht 12.902400 
U560                      AO221X1         saed90nm_typ_ht 12.902400 
U561                      OA221X1         saed90nm_typ_ht 12.902400 
U562                      AO221X1         saed90nm_typ_ht 12.902400 
U563                      OA221X1         saed90nm_typ_ht 12.902400 
U564                      AO221X1         saed90nm_typ_ht 12.902400 
U565                      OA221X1         saed90nm_typ_ht 12.902400 
U566                      AO221X1         saed90nm_typ_ht 12.902400 
U567                      OA221X1         saed90nm_typ_ht 12.902400 
U568                      AO221X1         saed90nm_typ_ht 12.902400 
U569                      OA221X1         saed90nm_typ_ht 12.902400 
U570                      AO221X1         saed90nm_typ_ht 12.902400 
U571                      OA221X1         saed90nm_typ_ht 12.902400 
U572                      AO221X1         saed90nm_typ_ht 12.902400 
U573                      OA221X1         saed90nm_typ_ht 12.902400 
U574                      AO21X1          saed90nm_typ_ht 10.137600 
add_2_root_sub_8_root_sub_52_I22_aco/U1_1
                          FADDX1          saed90nm_typ_ht 29.491199 mo, r
add_3_root_sub_8_root_sub_52_I22_aco/U1_1
                          FADDX1          saed90nm_typ_ht 29.491199 mo, r
add_4_root_sub_8_root_sub_52_I22_aco/U1_1
                          FADDX1          saed90nm_typ_ht 29.491199 mo, r
add_5_root_sub_8_root_sub_52_I22_aco/U1_1
                          FADDX1          saed90nm_typ_ht 29.491199 mo, r
add_9_root_sub_8_root_sub_52_I22_aco/U1_0
                          FADDX1          saed90nm_typ_ht 29.491199 mo, r
add_11_root_sub_8_root_sub_52_I22_aco/U1_0
                          FADDX1          saed90nm_typ_ht 29.491199 mo, r
add_12_root_sub_8_root_sub_52_I22_aco/U1_0
                          FADDX1          saed90nm_typ_ht 29.491199 mo, r
add_37                    FloatingPointAdder_DW01_add_0   909.619206
                                                                    BO, h
sra_27                    FloatingPointAdder_DW_rash_1    1535.385600
                                                                    BO, h
sra_31                    FloatingPointAdder_DW_rash_0    1513.267200
                                                                    BO, h
sub_0_root_sub_8_root_sub_52_I22_aco
                          FloatingPointAdder_DW01_sub_4   341.913604
                                                                    BO, h
sub_24                    FloatingPointAdder_DW01_sub_3   340.070404
                                                                    BO, h
sub_41                    FloatingPointAdder_DW01_sub_1   1090.252816
                                                                    BO, h
sub_44                    FloatingPointAdder_DW01_sub_0   1103.155217
                                                                    BO, h
--------------------------------------------------------------------------------
Total 474 cells                                           11862.835225
1
