 
****************************************
Report : qor
Design : RippleCarryAdder
Version: U-2022.12-SP7
Date   : Tue Dec 12 19:46:29 2023
****************************************


  Timing Path Group 'vsysclk'
  -----------------------------------
  Levels of Logic:              64.00
  Critical Path Length:         13.16
  Critical Path Slack:           5.34
  Critical Path Clk Period:     20.00
  Total Negative Slack:          0.00
  No. of Violating Paths:        0.00
  Worst Hold Violation:          0.00
  Total Hold Violation:          0.00
  No. of Hold Violations:        0.00
  -----------------------------------


  Cell Count
  -----------------------------------
  Hierarchical Cell Count:         32
  Hierarchical Port Count:        160
  Leaf Cell Count:                 96
  Buf/Inv Cell Count:               0
  Buf Cell Count:                   0
  Inv Cell Count:                   0
  CT Buf/Inv Cell Count:            0
  Combinational Cell Count:        96
  Sequential Cell Count:            0
  Macro Count:                      0
  -----------------------------------


  Area
  -----------------------------------
  Combinational Area:     1268.121613
  Noncombinational Area:     0.000000
  Buf/Inv Area:              0.000000
  Total Buffer Area:             0.00
  Total Inverter Area:           0.00
  Macro/Black Box Area:      0.000000
  Net Area:                 41.049510
  -----------------------------------
  Cell Area:              1268.121613
  Design Area:            1309.171123


  Design Rules
  -----------------------------------
  Total Number of Nets:           161
  Nets With Violations:             0
  Max Trans Violations:             0
  Max Cap Violations:               0
  -----------------------------------


  Hostname: ip-172-31-17-209.ec2.internal

  Compile CPU Statistics
  -----------------------------------------
  Resource Sharing:                    0.00
  Logic Optimization:                  0.03
  Mapping Optimization:                0.10
  -----------------------------------------
  Overall Compile Time:                0.48
  Overall Compile Wall Clock Time:     0.71

  --------------------------------------------------------------------

  Design  WNS: 0.00  TNS: 0.00  Number of Violating Paths: 0


  Design (Hold)  WNS: 0.00  TNS: 0.00  Number of Violating Paths: 0

  --------------------------------------------------------------------


1
