 
****************************************
Report : cell
Design : WM8bit
Version: U-2022.12-SP7
Date   : Sun Dec 24 15:00:48 2023
****************************************

Attributes:
    b - black box (unknown)
    h - hierarchical
    n - noncombinational
    r - removable
    u - contains unmapped logic

Cell                      Reference       Library             Area  Attributes
--------------------------------------------------------------------------------
U82                       INVX0           saed90nm_typ_ht 5.529600  
U83                       INVX0           saed90nm_typ_ht 5.529600  
U84                       INVX0           saed90nm_typ_ht 5.529600  
U85                       INVX0           saed90nm_typ_ht 5.529600  
U86                       INVX0           saed90nm_typ_ht 5.529600  
U87                       AND2X1          saed90nm_typ_ht 7.372800  
U88                       INVX0           saed90nm_typ_ht 5.529600  
U89                       AND2X1          saed90nm_typ_ht 7.372800  
U90                       AND2X1          saed90nm_typ_ht 7.372800  
U91                       AND2X1          saed90nm_typ_ht 7.372800  
U92                       AND2X1          saed90nm_typ_ht 7.372800  
U93                       NOR2X0          saed90nm_typ_ht 5.529600  
U94                       NOR2X0          saed90nm_typ_ht 5.529600  
U95                       NOR2X0          saed90nm_typ_ht 5.529600  
U96                       NOR2X0          saed90nm_typ_ht 5.529600  
U97                       NOR2X0          saed90nm_typ_ht 5.529600  
U98                       NOR2X0          saed90nm_typ_ht 5.529600  
U99                       NOR2X0          saed90nm_typ_ht 5.529600  
U100                      NOR2X0          saed90nm_typ_ht 5.529600  
U101                      NOR2X0          saed90nm_typ_ht 5.529600  
U102                      NOR2X0          saed90nm_typ_ht 5.529600  
U103                      NOR2X0          saed90nm_typ_ht 5.529600  
U104                      NOR2X0          saed90nm_typ_ht 5.529600  
U105                      NOR2X0          saed90nm_typ_ht 5.529600  
U106                      NOR2X0          saed90nm_typ_ht 5.529600  
U107                      NOR2X0          saed90nm_typ_ht 5.529600  
U108                      NOR2X0          saed90nm_typ_ht 5.529600  
U109                      NOR2X0          saed90nm_typ_ht 5.529600  
U110                      NOR2X0          saed90nm_typ_ht 5.529600  
U111                      NOR2X0          saed90nm_typ_ht 5.529600  
U112                      NOR2X0          saed90nm_typ_ht 5.529600  
U113                      NOR2X0          saed90nm_typ_ht 5.529600  
U114                      NOR2X0          saed90nm_typ_ht 5.529600  
U115                      NOR2X0          saed90nm_typ_ht 5.529600  
U116                      NOR2X0          saed90nm_typ_ht 5.529600  
U117                      NOR2X0          saed90nm_typ_ht 5.529600  
U118                      NOR2X0          saed90nm_typ_ht 5.529600  
U119                      NOR2X0          saed90nm_typ_ht 5.529600  
U120                      NOR2X0          saed90nm_typ_ht 5.529600  
U121                      INVX0           saed90nm_typ_ht 5.529600  
U122                      INVX0           saed90nm_typ_ht 5.529600  
U123                      NOR2X0          saed90nm_typ_ht 5.529600  
U124                      NOR2X0          saed90nm_typ_ht 5.529600  
U125                      NOR2X0          saed90nm_typ_ht 5.529600  
U126                      NOR2X0          saed90nm_typ_ht 5.529600  
U127                      NOR2X0          saed90nm_typ_ht 5.529600  
U128                      NOR2X0          saed90nm_typ_ht 5.529600  
U129                      NOR2X0          saed90nm_typ_ht 5.529600  
U130                      NOR2X0          saed90nm_typ_ht 5.529600  
U131                      NOR2X0          saed90nm_typ_ht 5.529600  
U132                      NOR2X0          saed90nm_typ_ht 5.529600  
U133                      NOR2X0          saed90nm_typ_ht 5.529600  
U134                      AND2X1          saed90nm_typ_ht 7.372800  
U135                      NOR2X0          saed90nm_typ_ht 5.529600  
U136                      NOR2X0          saed90nm_typ_ht 5.529600  
U137                      NOR2X0          saed90nm_typ_ht 5.529600  
U138                      NOR2X0          saed90nm_typ_ht 5.529600  
U139                      NOR2X0          saed90nm_typ_ht 5.529600  
U140                      NOR2X0          saed90nm_typ_ht 5.529600  
U141                      NOR2X0          saed90nm_typ_ht 5.529600  
U142                      NOR2X0          saed90nm_typ_ht 5.529600  
U143                      NOR2X0          saed90nm_typ_ht 5.529600  
U144                      NOR2X0          saed90nm_typ_ht 5.529600  
U145                      NOR2X0          saed90nm_typ_ht 5.529600  
U146                      NOR2X0          saed90nm_typ_ht 5.529600  
U147                      NOR2X0          saed90nm_typ_ht 5.529600  
U148                      NOR2X0          saed90nm_typ_ht 5.529600  
U149                      NOR2X0          saed90nm_typ_ht 5.529600  
U150                      NOR2X0          saed90nm_typ_ht 5.529600  
U151                      NOR2X0          saed90nm_typ_ht 5.529600  
U152                      NOR2X0          saed90nm_typ_ht 5.529600  
U153                      NOR2X0          saed90nm_typ_ht 5.529600  
U154                      INVX1           saed90nm_typ_ht 6.451200  
U155                      INVX1           saed90nm_typ_ht 6.451200  
U156                      INVX1           saed90nm_typ_ht 6.451200  
U157                      INVX1           saed90nm_typ_ht 6.451200  
U158                      INVX1           saed90nm_typ_ht 6.451200  
U159                      INVX1           saed90nm_typ_ht 6.451200  
U160                      INVX1           saed90nm_typ_ht 6.451200  
U161                      INVX1           saed90nm_typ_ht 6.451200  
adder1                    HA_401                          21.196800 h
adder2                    FA_0                            39.628800 h
adder3                    FA_46                           45.158401 h
adder4                    FA_45                           39.628800 h
adder5                    FA_44                           39.628800 h
adder6                    FA_43                           39.628800 h
adder7                    FA_42                           39.628800 h
adder8                    HA_425                          21.196800 h
adder11                   HA_424                          24.883201 h
adder12                   FA_41                           50.688001 h
adder13                   FA_40                           39.628800 h
adder14                   FA_39                           39.628800 h
adder15                   FA_38                           39.628800 h
adder16                   FA_37                           39.628800 h
adder17                   FA_36                           39.628800 h
adder18                   HA_423                          21.196800 h
adder21                   HA_422                          21.196800 h
adder22                   HA_421                          21.196800 h
adder23                   HA_420                          21.196800 h
adder24                   HA_419                          21.196800 h
adder25                   HA_418                          21.196800 h
adder26                   HA_417                          21.196800 h
adder27                   HA_416                          21.196800 h
adder31                   HA_415                          21.196800 h
adder32                   FA_30                           39.628800 h
adder33                   FA_35                           39.628800 h
adder34                   FA_34                           45.158401 h
adder35                   FA_33                           39.628800 h
adder36                   FA_32                           39.628800 h
adder37                   FA_31                           39.628800 h
adder38                   FA_29                           39.628800 h
adder40                   HA_411                          21.196800 h
adder41                   HA_414                          21.196800 h
adder42                   FA_24                           39.628800 h
adder44                   FA_28                           39.628800 h
adder45                   FA_27                           39.628800 h
adder46                   FA_26                           39.628800 h
adder47                   FA_25                           39.628800 h
adder49                   HA_412                          21.196800 h
adder50                   HA_407                          21.196800 h
adder51                   HA_413                          21.196800 h
adder52                   HA_409                          21.196800 h
adder53                   FA_23                           48.844801 h
adder54                   FA_22                           39.628800 h
adder55                   FA_21                           39.628800 h
adder56                   FA_20                           39.628800 h
adder57                   FA_19                           39.628800 h
adder58                   FA_18                           39.628800 h
adder59                   HA_408                          21.196800 h
adder63                   HA_410                          21.196800 h
adder70                   FA_11                           39.628800 h
adder71                   HA_406                          21.196800 h
adder72                   HA_405                          24.883201 h
adder73                   HA_404                          21.196800 h
adder74                   FA_17                           39.628800 h
adder75                   FA_16                           39.628800 h
adder76                   FA_15                           39.628800 h
adder77                   FA_14                           39.628800 h
adder78                   FA_13                           39.628800 h
adder79                   FA_12                           39.628800 h
adder80                   HA_403                          21.196800 h
adder82                   FA_1                            62.668800 h
adder84                   FA_2                            45.158401 h
adder91                   HA_402                          36.864000 h
adder92                   FA_10                           55.296000 h
adder93                   FA_9                            55.296000 h
adder94                   FA_8                            55.296000 h
adder95                   FA_7                            55.296000 h
adder96                   FA_6                            55.296000 h
adder97                   FA_5                            55.296000 h
adder98                   FA_4                            55.296000 h
adder99                   FA_3                            54.374400 h
--------------------------------------------------------------------------------
Total 152 cells                                           3060.633636
1
