 
****************************************
Report : cell
Design : Add64
Version: U-2022.12-SP7
Date   : Sun Dec 24 15:22:50 2023
****************************************

Attributes:
    b - black box (unknown)
    h - hierarchical
    n - noncombinational
    r - removable
    u - contains unmapped logic

Cell                      Reference       Library             Area  Attributes
--------------------------------------------------------------------------------
Adder3333[0].add          FA_47                           39.628800 h
Adder3333[1].add          FA_110                          39.628800 h
Adder3333[2].add          FA_109                          39.628800 h
Adder3333[3].add          FA_108                          39.628800 h
Adder3333[4].add          FA_107                          39.628800 h
Adder3333[5].add          FA_106                          39.628800 h
Adder3333[6].add          FA_105                          39.628800 h
Adder3333[7].add          FA_104                          39.628800 h
Adder3333[8].add          FA_103                          39.628800 h
Adder3333[9].add          FA_102                          39.628800 h
Adder3333[10].add         FA_101                          39.628800 h
Adder3333[11].add         FA_100                          39.628800 h
Adder3333[12].add         FA_99                           39.628800 h
Adder3333[13].add         FA_98                           39.628800 h
Adder3333[14].add         FA_97                           39.628800 h
Adder3333[15].add         FA_96                           39.628800 h
Adder3333[16].add         FA_95                           39.628800 h
Adder3333[17].add         FA_94                           39.628800 h
Adder3333[18].add         FA_93                           39.628800 h
Adder3333[19].add         FA_92                           39.628800 h
Adder3333[20].add         FA_91                           39.628800 h
Adder3333[21].add         FA_90                           39.628800 h
Adder3333[22].add         FA_89                           39.628800 h
Adder3333[23].add         FA_88                           39.628800 h
Adder3333[24].add         FA_87                           39.628800 h
Adder3333[25].add         FA_86                           39.628800 h
Adder3333[26].add         FA_85                           39.628800 h
Adder3333[27].add         FA_84                           39.628800 h
Adder3333[28].add         FA_83                           39.628800 h
Adder3333[29].add         FA_82                           39.628800 h
Adder3333[30].add         FA_81                           39.628800 h
Adder3333[31].add         FA_80                           39.628800 h
Adder3333[32].add         FA_79                           39.628800 h
Adder3333[33].add         FA_78                           39.628800 h
Adder3333[34].add         FA_77                           39.628800 h
Adder3333[35].add         FA_76                           39.628800 h
Adder3333[36].add         FA_75                           39.628800 h
Adder3333[37].add         FA_74                           39.628800 h
Adder3333[38].add         FA_73                           39.628800 h
Adder3333[39].add         FA_72                           39.628800 h
Adder3333[40].add         FA_71                           39.628800 h
Adder3333[41].add         FA_70                           39.628800 h
Adder3333[42].add         FA_69                           39.628800 h
Adder3333[43].add         FA_68                           39.628800 h
Adder3333[44].add         FA_67                           39.628800 h
Adder3333[45].add         FA_66                           39.628800 h
Adder3333[46].add         FA_65                           39.628800 h
Adder3333[47].add         FA_64                           39.628800 h
Adder3333[48].add         FA_63                           39.628800 h
Adder3333[49].add         FA_62                           39.628800 h
Adder3333[50].add         FA_61                           39.628800 h
Adder3333[51].add         FA_60                           39.628800 h
Adder3333[52].add         FA_59                           39.628800 h
Adder3333[53].add         FA_58                           39.628800 h
Adder3333[54].add         FA_57                           39.628800 h
Adder3333[55].add         FA_56                           39.628800 h
Adder3333[56].add         FA_55                           39.628800 h
Adder3333[57].add         FA_54                           39.628800 h
Adder3333[58].add         FA_53                           39.628800 h
Adder3333[59].add         FA_52                           39.628800 h
Adder3333[60].add         FA_51                           39.628800 h
Adder3333[61].add         FA_50                           39.628800 h
Adder3333[62].add         FA_49                           39.628800 h
add2                      FA_48                           39.628800 h
--------------------------------------------------------------------------------
Total 64 cells                                            2536.243225
1
